// Vitest Snapshot v1, https://vitest.dev/guide/snapshot.html

exports[`index.ts > was the change deliberate? 1`] = `
{
  "_compress": [Function],
  "_decompress": [Function],
  "compress": [Function],
  "compressToBase64": [Function],
  "compressToCustom": [Function],
  "compressToEncodedURIComponent": [Function],
  "compressToUTF16": [Function],
  "compressToUint8Array": [Function],
  "convertFromUint8Array": [Function],
  "convertToUint8Array": [Function],
  "customBase16Dict": "0123456789ABCDEF",
  "customBase32Dict": "ABCDEFGHIJKLMNOPQRSTUVWXYZ234567",
  "customBase32HexDict": "0123456789ABCDEEFGHIJKLMNOPQRSTU",
  "customBase36Dict": "0123456789ABCDEFGHIJKLMNOPQRSTUVWXYZ",
  "customBase58Dict": "123456789ABCDEFGHJKLMNPQRSTUVWXYZabcdefghijkmnopqrstuvwxyz",
  "customBase62Dict": "0123456789ABCDEFGHIJKLMNOPQRSTUVWXYZabcdefghijklmnopqrstuvwxyz",
  "customBase64Dict": "ABCDEFGHIJKLMNOPQRSTUVWXYZabcdefghijklmnopqrstuvwxyz0123456789+/=",
  "customBase95Dict": " !"#$%&'()*+,-./0123456789:;<=>?@ABCDEFGHIJKLMNOPQRSTUVWXYZ[\\]^_\`abcdefghijklmnopqrstuvwxyz{|}~",
  "customSafeDict": " !#$%&()*+,-./0123456789:;<=>?@ABCDEFGHIJKLMNOPQRSTUVWXYZ[]^_abcdefghijklmnopqrstuvwxyz{|}~",
  "decompress": [Function],
  "decompressFromBase64": [Function],
  "decompressFromCustom": [Function],
  "decompressFromEncodedURIComponent": [Function],
  "decompressFromUTF16": [Function],
  "decompressFromUint8Array": [Function],
  "getCustomDictionary": [Function],
  "loadBinaryFile": [Function],
  "saveBinaryFile": [Function],
}
`;
